[md-ohidur-rahman.jimdosite.com/index.html]
[backblue.gif]
[fade.gif]
[index.html]
[jimdo-dolphin-static-assets-prod.freetls.fastly.net/renderer/static/b8c1ed25cb38c386fe7c.css]
[md-ohidur-rahman.jimdosite.com/index.html]
[md-ohidur-rahman.jimdosite.com/contact/index.html]
[jimdo-dolphin-static-assets-prod.freetls.fastly.net/renderer/static/spotify-logo.e2466eb47a52cecf57907b22cd3d7660.svg]
[md-ohidur-rahman.jimdosite.com/about-me/index.html]
[jimdo-dolphin-static-assets-prod.freetls.fastly.net/renderer/static/d43da2051783b3ae2b2d.js]
[jimdo-dolphin-static-assets-prod.freetls.fastly.net/renderer/static/soundcloud-logo.cf292ba1cd9cc81a3856a91f9e51a6b8.svg]
[md-ohidur-rahman.jimdosite.com/portfolio/index.html]
[md-ohidur-rahman.jimdosite.com/privacy-policy/index.html]
[jimdo-dolphin-static-assets-prod.freetls.fastly.net/renderer/static/apple-music-logo.563aa4fe9e4553319b35c16d805b271e.svg]
[jimdo-dolphin-static-assets-prod.freetls.fastly.net/renderer/static/music-icon.13abf923de64d1eb03c5e87dd2d60717.svg]
[jimdo-dolphin-static-assets-prod.freetls.fastly.net/renderer/static/camera_button.b364ee5144b6b265a29d1349ca54f6d3.svg]
[md-ohidur-rahman.jimdosite.com/imprint/index.html]
[md-ohidur-rahman.jimdosite.com/cookie-settings/index.html]
[jimdo-dolphin-static-assets-prod.freetls.fastly.net/renderer/static/dark_google_map_placeholder.9ae099631cdd0d7a7f8bbac938a26147.svg]
[jimdo-dolphin-static-assets-prod.freetls.fastly.net/renderer/static/jimdo_logo_colored.074b65fcb859019ef1b0a98d5683a0df.svg]
[jimdo-dolphin-static-assets-prod.freetls.fastly.net/renderer/static/edit.67ee9e85b8a6414e04dfb1490499fe4a.svg]
[jimdo-dolphin-static-assets-prod.freetls.fastly.net/renderer/static/bright_google_map_placeholder.f869d419c7df077097d86a1bf8ac8615.svg]
[jimdo-dolphin-static-assets-prod.freetls.fastly.net/renderer/static/tick_white_icon.6971fb32bb1f91e77fa01f8f3e698f27.svg]
[jimdo-dolphin-static-assets-prod.freetls.fastly.net/renderer/static/edit_white.1230cf47108018e2a6c0440033599057.svg]
[jimdo-dolphin-static-assets-prod.freetls.fastly.net/renderer/static/b8c1ed25cb38c386fe7c.css]
[md-ohidur-rahman.jimdosite.com/contact/index.html]
[md-ohidur-rahman.jimdosite.com/about-me/index.html]
[md-ohidur-rahman.jimdosite.com/portfolio/index.html]
[md-ohidur-rahman.jimdosite.com/imprint/index.html]
[md-ohidur-rahman.jimdosite.com/privacy-policy/index.html]
[md-ohidur-rahman.jimdosite.com/cookie-settings/index.html]
[jimdo-dolphin-static-assets-prod.freetls.fastly.net/renderer/static/spotify-logo.e2466eb47a52cecf57907b22cd3d7660.svg]
[jimdo-dolphin-static-assets-prod.freetls.fastly.net/renderer/static/soundcloud-logo.cf292ba1cd9cc81a3856a91f9e51a6b8.svg]
[jimdo-dolphin-static-assets-prod.freetls.fastly.net/renderer/static/apple-music-logo.563aa4fe9e4553319b35c16d805b271e.svg]
[jimdo-dolphin-static-assets-prod.freetls.fastly.net/renderer/static/music-icon.13abf923de64d1eb03c5e87dd2d60717.svg]
[jimdo-dolphin-static-assets-prod.freetls.fastly.net/renderer/static/camera_button.b364ee5144b6b265a29d1349ca54f6d3.svg]
[jimdo-dolphin-static-assets-prod.freetls.fastly.net/renderer/static/bright_google_map_placeholder.f869d419c7df077097d86a1bf8ac8615.svg]
[jimdo-dolphin-static-assets-prod.freetls.fastly.net/renderer/static/dark_google_map_placeholder.9ae099631cdd0d7a7f8bbac938a26147.svg]
[jimdo-dolphin-static-assets-prod.freetls.fastly.net/renderer/static/jimdo_logo_colored.074b65fcb859019ef1b0a98d5683a0df.svg]
[jimdo-dolphin-static-assets-prod.freetls.fastly.net/renderer/static/edit.67ee9e85b8a6414e04dfb1490499fe4a.svg]
[jimdo-dolphin-static-assets-prod.freetls.fastly.net/renderer/static/tick_white_icon.6971fb32bb1f91e77fa01f8f3e698f27.svg]
[jimdo-dolphin-static-assets-prod.freetls.fastly.net/renderer/static/edit_white.1230cf47108018e2a6c0440033599057.svg]
